[1] 3
[1] 3
[1] 98
[1] "This vector has fewer than 3 elements."
[1] "This vector has fewer than 3 elements."
