 [1]  194.5  258.0  267.5  305.5  334.0  373.0  438.5  448.0  688.5  699.5
[11]  775.5 1002.0
