[1] TRUE
# A tibble: 6 x 3
  anemoneNumber startleResponse1 startleResponse2
          <dbl>            <dbl>            <dbl>
1             2              248              268
2             4              350              261
3             6              410              467
4             8              201              188
5            10              687              690
6            12              980              571
