 [1] "sunflower" "sunflower" "sunflower" "daisy"     "daisy"     "rose"     
 [7] "rose"      "rose"      "violet"    "violet"    "carnation" "carnation"
[13] "carnation"
